
> toasty-dev-blog@1.0.0 build C:\Users\louis\Documents\PERSONNEL\ToastyDevBlog
> vite build

[36mvite v6.4.1 [32mbuilding for production...[36m[39m
transforming...
[32mÔ£ô[39m 2755 modules transformed.
node.exe : [31mÔ£ù[39m Build failed in 6.42s
At C:\Users\louis\AppData\Roaming\npm\pnpm.ps1:24 char:5
+     & "node$exe"  "$basedir/node_modules/pnpm/bin/pnpm.cjs" $args
+     ~~~~~~~~~~~~~~~~~~~~~~~~~~~~~~~~~~~~~~~~~~~~~~~~~~~~~~~~~~~~~
    + CategoryInfo          : NotSpecified: ([31mÔ£ù[39m Build failed in 6. 
   42s:String) [], RemoteException
    + FullyQualifiedErrorId : NativeCommandError
 
[31merror during build:
[31mcomponents/PostCard.tsx (16:9): "postPostLike" is not exported by 
"endpoints/post/like_POST.schema.ts", imported by 
"components/PostCard.tsx".[31m
file: [36mC:/Users/louis/Documents/PERSONNEL/ToastyDevBlog/components/PostCar
d.tsx:16:9[31m
[33m
14: import { Avatar, AvatarFallback, AvatarImage } from "./Avatar";
15: import { Button } from "./Button";
16: import { postPostLike } from "../endpoints/post/like_POST.schema"; // 
Import Like mutation function
             ^
17: import { useMutation, useQueryClient } from "@tanstack/react-query"; // 
Import Query tools
18: import styles from "./PostCard.module.css";
[31m
    at getRollupError (file:///C:/Users/louis/Documents/PERSONNEL/ToastyDevBlo
g/node_modules/.pnpm/rollup@4.55.1/node_modules/rollup/dist/es/shared/parseAst
.js:401:41)
    at error (file:///C:/Users/louis/Documents/PERSONNEL/ToastyDevBlog/node_mo
dules/.pnpm/rollup@4.55.1/node_modules/rollup/dist/es/shared/parseAst.js:397:4
2)
    at Module.error (file:///C:/Users/louis/Documents/PERSONNEL/ToastyDevBlog/
node_modules/.pnpm/rollup@4.55.1/node_modules/rollup/dist/es/shared/node-entry
.js:17022:16)
    at Module.traceVariable (file:///C:/Users/louis/Documents/PERSONNEL/Toasty
DevBlog/node_modules/.pnpm/rollup@4.55.1/node_modules/rollup/dist/es/shared/no
de-entry.js:17478:29)
    at ModuleScope.findVariable (file:///C:/Users/louis/Documents/PERSONNEL/To
astyDevBlog/node_modules/.pnpm/rollup@4.55.1/node_modules/rollup/dist/es/share
d/node-entry.js:15141:39)
    at ReturnValueScope.findVariable (file:///C:/Users/louis/Documents/PERSONN
EL/ToastyDevBlog/node_modules/.pnpm/rollup@4.55.1/node_modules/rollup/dist/es/
shared/node-entry.js:5688:38)
    at FunctionBodyScope.findVariable (file:///C:/Users/louis/Documents/PERSON
NEL/ToastyDevBlog/node_modules/.pnpm/rollup@4.55.1/node_modules/rollup/dist/es
/shared/node-entry.js:5688:38)
    at ReturnValueScope.findVariable (file:///C:/Users/louis/Documents/PERSONN
EL/ToastyDevBlog/node_modules/.pnpm/rollup@4.55.1/node_modules/rollup/dist/es/
shared/node-entry.js:5688:38)
    at FunctionBodyScope.findVariable (file:///C:/Users/louis/Documents/PERSON
NEL/ToastyDevBlog/node_modules/.pnpm/rollup@4.55.1/node_modules/rollup/dist/es
/shared/node-entry.js:5688:38)
    at Identifier.bind (file:///C:/Users/louis/Documents/PERSONNEL/ToastyDevBl
og/node_modules/.pnpm/rollup@4.55.1/node_modules/rollup/dist/es/shared/node-en
try.js:5462:40)[39m
ÔÇëELIFECYCLEÔÇë Command failed with exit code 1.
